
> magazin@0.1.0 build
> next build

node.exe : тЪа Warning: Next.js inferred your workspace root, but it may not be correct.
At line:1 char:1
+ & "C:\Program Files\nodejs/node.exe" "C:\Program Files\nodejs/node_mo ...
+ ~~~~~~~~~~~~~~~~~~~~~~~~~~~~~~~~~~~~~~~~~~~~~~~~~~~~~~~~~~~~~~~~~~~~~
    + CategoryInfo          : NotSpecified: (тЪа Warning: Ne...not be correct.:String) [], RemoteException
    + FullyQualifiedErrorId : NativeCommandError
 
 We detected multiple lockfiles and selected the directory of C:\Users\nout.plus\package-lock.json as the root directory.
 To silence this warning, set `turbopack.root` in your Next.js config, or consider removing one of the lockfiles if it's not needed.
   See https://nextjs.org/docs/app/api-reference/config/next-config-js/turbopack#root-directory for more information.
 Detected additional lockfiles: 
   * C:\Users\nout.plus\OneDrive\Desktop\Projects made by AI\magazin\package-lock.json

тЦ▓ Next.js 16.2.2 (Turbopack)
- Environments: .env

  Creating an optimized production build ...
тЬУ Compiled successfully in 4.2s
  Running TypeScript ...
  Finished TypeScript in 6.4s ...
  Collecting page data using 7 workers ...
Prisma client initializing...
Prisma client initializing...
Error [PrismaClientConstructorValidationError]: Using engine type "client" requires either "adapter" or "accelerateUrl" to be provided to PrismaClient constructor.
Read more at https://pris.ly/d/client-constructor
    at module evaluation (C:\Users\nout.plus\OneDrive\Desktop\Projects made by AI\magazin\.next\server\chunks\[root-of-the-server]__0o-9mbs._.js:1:1213)
    at instantiateModule (C:\Users\nout.plus\OneDrive\Desktop\Projects made by AI\magazin\.next\server\chunks\[turbopack]_runtime.js:853:9)
    at getOrInstantiateModuleFromParent (C:\Users\nout.plus\OneDrive\Desktop\Projects made by AI\magazin\.next\server\chunks\[turbopack]_runtime.js:877:12)
    at Context.esmImport [as i] (C:\Users\nout.plus\OneDrive\Desktop\Projects made by AI\magazin\.next\server\chunks\[turbopack]_runtime.js:281:20)
    at module evaluation (C:\Users\nout.plus\OneDrive\Desktop\Projects made by AI\magazin\.next\server\chunks\[root-of-the-server]__0o-9mbs._.js:1:1556)
    at instantiateModule (C:\Users\nout.plus\OneDrive\Desktop\Projects made by AI\magazin\.next\server\chunks\[turbopack]_runtime.js:853:9)
    at instantiateRuntimeModule (C:\Users\nout.plus\OneDrive\Desktop\Projects made by AI\magazin\.next\server\chunks\[turbopack]_runtime.js:882:12)

> Build error occurred
Error: Failed to collect page data for /api/products
    at ignore-listed frames {
  type: 'Error'
}
